Archive member included to satisfy reference by file (symbol)

/usr/local/Cellar/avr-gcc@9/9.4.0_1/lib/avr-gcc/9/gcc/avr/9.4.0/../../../../../../avr/lib/avr5/libm.a(addsf3.o)
                              obj/Midi.o (__addsf3)
/usr/local/Cellar/avr-gcc@9/9.4.0_1/lib/avr-gcc/9/gcc/avr/9.4.0/../../../../../../avr/lib/avr5/libm.a(addsf3x.o)
                              /usr/local/Cellar/avr-gcc@9/9.4.0_1/lib/avr-gcc/9/gcc/avr/9.4.0/../../../../../../avr/lib/avr5/libm.a(addsf3.o) (__addsf3x)
/usr/local/Cellar/avr-gcc@9/9.4.0_1/lib/avr-gcc/9/gcc/avr/9.4.0/../../../../../../avr/lib/avr5/libm.a(fixunssfsi.o)
                              obj/Midi.o (__fixunssfsi)
/usr/local/Cellar/avr-gcc@9/9.4.0_1/lib/avr-gcc/9/gcc/avr/9.4.0/../../../../../../avr/lib/avr5/libm.a(floatsisf.o)
                              obj/Midi.o (__floatsisf)
/usr/local/Cellar/avr-gcc@9/9.4.0_1/lib/avr-gcc/9/gcc/avr/9.4.0/../../../../../../avr/lib/avr5/libm.a(fp_inf.o)
                              /usr/local/Cellar/avr-gcc@9/9.4.0_1/lib/avr-gcc/9/gcc/avr/9.4.0/../../../../../../avr/lib/avr5/libm.a(addsf3x.o) (__fp_inf)
/usr/local/Cellar/avr-gcc@9/9.4.0_1/lib/avr-gcc/9/gcc/avr/9.4.0/../../../../../../avr/lib/avr5/libm.a(fp_nan.o)
                              /usr/local/Cellar/avr-gcc@9/9.4.0_1/lib/avr-gcc/9/gcc/avr/9.4.0/../../../../../../avr/lib/avr5/libm.a(addsf3x.o) (__fp_nan)
/usr/local/Cellar/avr-gcc@9/9.4.0_1/lib/avr-gcc/9/gcc/avr/9.4.0/../../../../../../avr/lib/avr5/libm.a(fp_pscA.o)
                              /usr/local/Cellar/avr-gcc@9/9.4.0_1/lib/avr-gcc/9/gcc/avr/9.4.0/../../../../../../avr/lib/avr5/libm.a(addsf3x.o) (__fp_pscA)
/usr/local/Cellar/avr-gcc@9/9.4.0_1/lib/avr-gcc/9/gcc/avr/9.4.0/../../../../../../avr/lib/avr5/libm.a(fp_pscB.o)
                              /usr/local/Cellar/avr-gcc@9/9.4.0_1/lib/avr-gcc/9/gcc/avr/9.4.0/../../../../../../avr/lib/avr5/libm.a(addsf3x.o) (__fp_pscB)
/usr/local/Cellar/avr-gcc@9/9.4.0_1/lib/avr-gcc/9/gcc/avr/9.4.0/../../../../../../avr/lib/avr5/libm.a(fp_round.o)
                              /usr/local/Cellar/avr-gcc@9/9.4.0_1/lib/avr-gcc/9/gcc/avr/9.4.0/../../../../../../avr/lib/avr5/libm.a(addsf3.o) (__fp_round)
/usr/local/Cellar/avr-gcc@9/9.4.0_1/lib/avr-gcc/9/gcc/avr/9.4.0/../../../../../../avr/lib/avr5/libm.a(fp_split3.o)
                              /usr/local/Cellar/avr-gcc@9/9.4.0_1/lib/avr-gcc/9/gcc/avr/9.4.0/../../../../../../avr/lib/avr5/libm.a(addsf3x.o) (__fp_split3)
/usr/local/Cellar/avr-gcc@9/9.4.0_1/lib/avr-gcc/9/gcc/avr/9.4.0/../../../../../../avr/lib/avr5/libm.a(fp_zero.o)
                              /usr/local/Cellar/avr-gcc@9/9.4.0_1/lib/avr-gcc/9/gcc/avr/9.4.0/../../../../../../avr/lib/avr5/libm.a(addsf3x.o) (__fp_zero)
/usr/local/Cellar/avr-gcc@9/9.4.0_1/lib/avr-gcc/9/gcc/avr/9.4.0/../../../../../../avr/lib/avr5/libm.a(mulsf3.o)
                              obj/Midi.o (__mulsf3)
/usr/local/Cellar/avr-gcc@9/9.4.0_1/lib/avr-gcc/9/gcc/avr/9.4.0/../../../../../../avr/lib/avr5/libm.a(mulsf3x.o)
                              /usr/local/Cellar/avr-gcc@9/9.4.0_1/lib/avr-gcc/9/gcc/avr/9.4.0/../../../../../../avr/lib/avr5/libm.a(mulsf3.o) (__mulsf3x)
/usr/local/Cellar/avr-gcc@9/9.4.0_1/lib/avr-gcc/9/gcc/avr/9.4.0/avr5/libgcc.a(_divmodhi4.o)
                              obj/Hardware.o (__divmodhi4)
/usr/local/Cellar/avr-gcc@9/9.4.0_1/lib/avr-gcc/9/gcc/avr/9.4.0/avr5/libgcc.a(_exit.o)
                              /usr/local/Cellar/avr-gcc@9/9.4.0_1/lib/avr-gcc/9/gcc/avr/9.4.0/../../../../../../avr/lib/avr5/crtatmega32u4.o (exit)
/usr/local/Cellar/avr-gcc@9/9.4.0_1/lib/avr-gcc/9/gcc/avr/9.4.0/avr5/libgcc.a(_copy_data.o)
                              obj/main.o (__do_copy_data)
/usr/local/Cellar/avr-gcc@9/9.4.0_1/lib/avr-gcc/9/gcc/avr/9.4.0/avr5/libgcc.a(_clear_bss.o)
                              obj/main.o (__do_clear_bss)
/usr/local/Cellar/avr-gcc@9/9.4.0_1/lib/avr-gcc/9/gcc/avr/9.4.0/avr5/libgcc.a(_udivmodhi4.o)
                              /usr/local/Cellar/avr-gcc@9/9.4.0_1/lib/avr-gcc/9/gcc/avr/9.4.0/avr5/libgcc.a(_divmodhi4.o) (__udivmodhi4)
/usr/local/Cellar/avr-gcc@9/9.4.0_1/lib/avr-gcc/9/gcc/avr/9.4.0/../../../../../../avr/lib/avr5/libc.a(memset.o)
                              obj/HD44780.o (memset)
/usr/local/Cellar/avr-gcc@9/9.4.0_1/lib/avr-gcc/9/gcc/avr/9.4.0/../../../../../../avr/lib/avr5/libc.a(itoa.o)
                              obj/HD44780.o (__itoa)
/usr/local/Cellar/avr-gcc@9/9.4.0_1/lib/avr-gcc/9/gcc/avr/9.4.0/../../../../../../avr/lib/avr5/libc.a(itoa_ncheck.o)
                              /usr/local/Cellar/avr-gcc@9/9.4.0_1/lib/avr-gcc/9/gcc/avr/9.4.0/../../../../../../avr/lib/avr5/libc.a(itoa.o) (__itoa_ncheck)
/usr/local/Cellar/avr-gcc@9/9.4.0_1/lib/avr-gcc/9/gcc/avr/9.4.0/../../../../../../avr/lib/avr5/libc.a(utoa_ncheck.o)
                              /usr/local/Cellar/avr-gcc@9/9.4.0_1/lib/avr-gcc/9/gcc/avr/9.4.0/../../../../../../avr/lib/avr5/libc.a(itoa_ncheck.o) (__utoa_common)
[...]
Memory Configuration

Name             Origin             Length             Attributes
text             0x00000000         0x00020000         xr
data             0x00800060         0x0000ffa0         rw!x
eeprom           0x00810000         0x00010000         rw!x
fuse             0x00820000         0x00000003         rw!x
lock             0x00830000         0x00000400         rw!x
signature        0x00840000         0x00000400         rw!x
user_signatures  0x00850000         0x00000400         rw!x
*default*        0x00000000         0xffffffff

Linker script and memory map

Address of section .data set to 0x800100
LOAD /usr/local/Cellar/avr-gcc@9/9.4.0_1/lib/avr-gcc/9/gcc/avr/9.4.0/../../../../../../avr/lib/avr5/crtatmega32u4.o
LOAD obj/main.o
LOAD obj/HD44780.o
LOAD obj/Descriptors.o
LOAD obj/Hardware.o
LOAD obj/Keyboard.o
LOAD obj/Midi.o
LOAD obj/HIDParser.o
LOAD obj/Device_AVR8.o
LOAD obj/EndpointStream_AVR8.o
LOAD obj/Endpoint_AVR8.o
LOAD obj/Host_AVR8.o
LOAD obj/PipeStream_AVR8.o
LOAD obj/Pipe_AVR8.o
LOAD obj/USBController_AVR8.o
LOAD obj/USBInterrupt_AVR8.o
LOAD obj/ConfigDescriptors.o
LOAD obj/DeviceStandardReq.o
LOAD obj/Events.o
LOAD obj/HostStandardReq.o
LOAD obj/USBTask.o
LOAD /usr/local/Cellar/avr-gcc@9/9.4.0_1/lib/avr-gcc/9/gcc/avr/9.4.0/../../../../../../avr/lib/avr5/libm.a
START GROUP
LOAD /usr/local/Cellar/avr-gcc@9/9.4.0_1/lib/avr-gcc/9/gcc/avr/9.4.0/avr5/libgcc.a
LOAD /usr/local/Cellar/avr-gcc@9/9.4.0_1/lib/avr-gcc/9/gcc/avr/9.4.0/../../../../../../avr/lib/avr5/libm.a
LOAD /usr/local/Cellar/avr-gcc@9/9.4.0_1/lib/avr-gcc/9/gcc/avr/9.4.0/../../../../../../avr/lib/avr5/libc.a
LOAD /usr/local/Cellar/avr-gcc@9/9.4.0_1/lib/avr-gcc/9/gcc/avr/9.4.0/../../../../../../avr/lib/avr5/libatmega32u4.a
END GROUP
                0x00000000                        __TEXT_REGION_ORIGIN__ = DEFINED (__TEXT_REGION_ORIGIN__)?__TEXT_REGION_ORIGIN__:0x0
                0x00020000                        __TEXT_REGION_LENGTH__ = DEFINED (__TEXT_REGION_LENGTH__)?__TEXT_REGION_LENGTH__:0x20000
                0x00800060                        __DATA_REGION_ORIGIN__ = DEFINED (__DATA_REGION_ORIGIN__)?__DATA_REGION_ORIGIN__:0x800060
                0x0000ffa0                        __DATA_REGION_LENGTH__ = DEFINED (__DATA_REGION_LENGTH__)?__DATA_REGION_LENGTH__:0xffa0
                0x00010000                        __EEPROM_REGION_LENGTH__ = DEFINED (__EEPROM_REGION_LENGTH__)?__EEPROM_REGION_LENGTH__:0x10000
                [0x00000003]                      __FUSE_REGION_LENGTH__ = DEFINED (__FUSE_REGION_LENGTH__)?__FUSE_REGION_LENGTH__:0x400
                0x00000400                        __LOCK_REGION_LENGTH__ = DEFINED (__LOCK_REGION_LENGTH__)?__LOCK_REGION_LENGTH__:0x400
                0x00000400                        __SIGNATURE_REGION_LENGTH__ = DEFINED (__SIGNATURE_REGION_LENGTH__)?__SIGNATURE_REGION_LENGTH__:0x400
                0x00000400                        __USER_SIGNATURE_REGION_LENGTH__ = DEFINED (__USER_SIGNATURE_REGION_LENGTH__)?__USER_SIGNATURE_REGION_LENGTH__:0x400

.hash
 *(.hash)

.dynsym
 *(.dynsym)

.dynstr
 *(.dynstr)

.gnu.version
 *(.gnu.version)

.gnu.version_d
 *(.gnu.version_d)

.gnu.version_r
 *(.gnu.version_r)

.rel.init
 *(.rel.init)

.rela.init
 *(.rela.init)

.rel.text
 *(.rel.text)
 *(.rel.text.*)
 *(.rel.gnu.linkonce.t*)

.rela.text
 *(.rela.text)
 *(.rela.text.*)
 *(.rela.gnu.linkonce.t*)

.rel.fini
 *(.rel.fini)

.rela.fini
 *(.rela.fini)

.rel.rodata
 *(.rel.rodata)
 *(.rel.rodata.*)
 *(.rel.gnu.linkonce.r*)

.rela.rodata
 *(.rela.rodata)
 *(.rela.rodata.*)
 *(.rela.gnu.linkonce.r*)

.rel.data
 *(.rel.data)
 *(.rel.data.*)
 *(.rel.gnu.linkonce.d*)

.rela.data
 *(.rela.data)
 *(.rela.data.*)
 *(.rela.gnu.linkonce.d*)

.rel.ctors
 *(.rel.ctors)

.rela.ctors
 *(.rela.ctors)

.rel.dtors
 *(.rel.dtors)

.rela.dtors
 *(.rela.dtors)

.rel.got
 *(.rel.got)

.rela.got
 *(.rela.got)

.rel.bss
 *(.rel.bss)

.rela.bss
 *(.rela.bss)

.rel.plt
 *(.rel.plt)

.rela.plt
 *(.rela.plt)

.text           0x00000000     0x1916
 *(.vectors)
 .vectors       0x00000000       0xac /usr/local/Cellar/avr-gcc@9/9.4.0_1/lib/avr-gcc/9/gcc/avr/9.4.0/../../../../../../avr/lib/avr5/crtatmega32u4.o
                0x00000000                __vectors
                0x00000000                __vector_default
 *(.vectors)
 *(.progmem.gcc*)
                0x000000ac                        . = ALIGN (0x2)
                0x000000ac                        __trampolines_start = .
 *(.trampolines)
 .trampolines   0x000000ac        0x0 linker stubs
 *(.trampolines*)
                0x000000ac                        __trampolines_end = .
 *libprintf_flt.a:*(.progmem.data)
 *libc.a:*(.progmem.data)
 *(.progmem.*)
 .progmem.data  0x000000ac       0xb7 obj/Descriptors.o
                0x000000ac                ProductString
                0x000000cc                ManufacturerString
                0x000000e8                LanguageString
                0x000000ec                ConfigurationDescriptor
                0x00000151                DeviceDescriptor
                0x00000164                        . = ALIGN (0x2)
 *fill*         0x00000163        0x1 
 *(.lowtext)
 *(.lowtext*)
                0x00000164                        __ctors_start = .
 *(.ctors)
                0x00000164                        __ctors_end = .
                0x00000164                        __dtors_start = .
 *(.dtors)
                0x00000164                        __dtors_end = .
 SORT_BY_NAME(*)(.ctors)
 SORT_BY_NAME(*)(.dtors)
 *(.init0)
 .init0         0x00000164        0x0 /usr/local/Cellar/avr-gcc@9/9.4.0_1/lib/avr-gcc/9/gcc/avr/9.4.0/../../../../../../avr/lib/avr5/crtatmega32u4.o
                0x00000164                __init
 *(.init0)
 *(.init1)
 *(.init1)
 *(.init2)
 .init2         0x00000164        0xc /usr/local/Cellar/avr-gcc@9/9.4.0_1/lib/avr-gcc/9/gcc/avr/9.4.0/../../../../../../avr/lib/avr5/crtatmega32u4.o
 *(.init2)
 *(.init3)
 *(.init3)
 *(.init4)
 .init4         0x00000170       0x16 /usr/local/Cellar/avr-gcc@9/9.4.0_1/lib/avr-gcc/9/gcc/avr/9.4.0/avr5/libgcc.a(_copy_data.o)
                0x00000170                __do_copy_data
 .init4         0x00000186       0x10 /usr/local/Cellar/avr-gcc@9/9.4.0_1/lib/avr-gcc/9/gcc/avr/9.4.0/avr5/libgcc.a(_clear_bss.o)
                0x00000186                __do_clear_bss
 *(.init4)
 *(.init5)
 *(.init5)
 *(.init6)
 *(.init6)
 *(.init7)
 *(.init7)
 *(.init8)
 *(.init8)
 *(.init9)
 .init9         0x00000196        0x6 /usr/local/Cellar/avr-gcc@9/9.4.0_1/lib/avr-gcc/9/gcc/avr/9.4.0/../../../../../../avr/lib/avr5/crtatmega32u4.o
 *(.init9)
 *(.text)
 .text          0x0000019c        0x2 /usr/local/Cellar/avr-gcc@9/9.4.0_1/lib/avr-gcc/9/gcc/avr/9.4.0/../../../../../../avr/lib/avr5/crtatmega32u4.o
                0x0000019c                __vector_42
                0x0000019c                __vector_22
                0x0000019c                __vector_28
                0x0000019c                __vector_1
                0x0000019c                __vector_32
                0x0000019c                __vector_34
                0x0000019c                __vector_24
                0x0000019c                __vector_12
                0x0000019c                __bad_interrupt
                0x0000019c                __vector_6
                0x0000019c                __vector_31
                0x0000019c                __vector_35
                0x0000019c                __vector_39
                0x0000019c                __vector_3
                0x0000019c                __vector_23
                0x0000019c                __vector_30
                0x0000019c                __vector_25
                0x0000019c                __vector_11
                0x0000019c                __vector_13
                0x0000019c                __vector_17
                0x0000019c                __vector_19
                0x0000019c                __vector_7
                0x0000019c                __vector_41
                0x0000019c                __vector_27
                0x0000019c                __vector_5
                0x0000019c                __vector_33
                0x0000019c                __vector_37
                0x0000019c                __vector_4
                0x0000019c                __vector_9
                0x0000019c                __vector_2
                0x0000019c                __vector_21
                0x0000019c                __vector_15
                0x0000019c                __vector_36
                0x0000019c                __vector_29
                0x0000019c                __vector_40
                0x0000019c                __vector_8
                0x0000019c                __vector_26
                0x0000019c                __vector_14
                0x0000019c                __vector_16
                0x0000019c                __vector_18
                0x0000019c                __vector_20
                0x0000019c                __vector_38
                0x0000019e                        . = ALIGN (0x2)
 *(.text.*)
 .text.startup.main
                0x0000019e       0x4e obj/main.o
                0x0000019e                main
 .text.HD44780_WriteNibble
                0x000001ec       0x4c obj/HD44780.o
 .text.HD44780_Initialize
                0x00000238       0x82 obj/HD44780.o
                0x00000238                HD44780_Initialize
 .text.HD44780_WriteCommand
                0x000002ba       0x22 obj/HD44780.o
                0x000002ba                HD44780_WriteCommand
 .text.HD44780_WriteData
                0x000002dc       0x24 obj/HD44780.o
                0x000002dc                HD44780_WriteData
 .text.HD44780_WriteString
                0x00000300       0x3c obj/HD44780.o
                0x00000300                HD44780_WriteString
 .text.HD44780_WriteInteger
                0x0000033c       0x38 obj/HD44780.o
                0x0000033c                HD44780_WriteInteger
 .text.HD44780_GoTo
                0x00000374        0xc obj/HD44780.o
                0x00000374                HD44780_GoTo
 .text.playStartupAnimation
                0x00000380       0xb8 obj/HD44780.o
                0x00000380                playStartupAnimation
 .text.initializeLCD
                0x00000438       0x92 obj/HD44780.o
                0x00000438                initializeLCD
 .text.CALLBACK_USB_GetDescriptor
                0x000004ca       0x62 obj/Descriptors.o
                0x000004ca                CALLBACK_USB_GetDescriptor
 .text.initializeClock
                0x0000052c       0x18 obj/Hardware.o
                0x0000052c                initializeClock
 .text.initializeIO
                0x00000544       0xaa obj/Hardware.o
                0x00000544                initializeIO
 .text.ad_init  0x000005ee       0x2a obj/Hardware.o
                0x000005ee                ad_init
 .text.ad_capture
                0x00000618       0x1a obj/Hardware.o
                0x00000618                ad_capture
 .text.convert_volume
                0x00000632       0x12 obj/Hardware.o
                0x00000632                convert_volume
 .text.SetupHardware
                0x00000644       0x3c obj/Hardware.o
                0x00000644                SetupHardware
 .text.EVENT_USB_Device_Connect
                0x00000680        0xa obj/Hardware.o
                0x00000680                EVENT_USB_Device_Connect
 .text.EVENT_USB_Device_Disconnect
                0x0000068a        0xa obj/Hardware.o
                0x0000068a                EVENT_USB_Device_Disconnect
 .text.EVENT_USB_Device_ConfigurationChanged
                0x00000694       0x2c obj/Hardware.o
                0x00000694                EVENT_USB_Device_ConfigurationChanged
 .text.scanKeyboard
                0x000006c0      0x110 obj/Keyboard.o
                0x000006c0                scanKeyboard
 .text.toggleModeRequested
                0x000007d0       0x14 obj/Keyboard.o
                0x000007d0                toggleModeRequested
 .text.toggleModeAllowed
                0x000007e4       0x18 obj/Keyboard.o
                0x000007e4                toggleModeAllowed
 .text.toggleMode
                0x000007fc       0x5a obj/Keyboard.o
                0x000007fc                toggleMode
 .text.getMidiNote
                0x00000856       0x32 obj/Midi.o
                0x00000856                getMidiNote
 .text.octaveUp
                0x00000888       0x2e obj/Midi.o
                0x00000888                octaveUp
 .text.octaveDown
                0x000008b6       0x2e obj/Midi.o
                0x000008b6                octaveDown
 .text.update_lcd
                0x000008e4      0x1da obj/Midi.o
                0x000008e4                update_lcd
 .text.MIDI_Task
                0x00000abe      0x19e obj/Midi.o
                0x00000abe                MIDI_Task
 .text.Endpoint_Write_Stream_LE
                0x00000c5c       0x9c obj/EndpointStream_AVR8.o
                0x00000c5c                Endpoint_Write_Stream_LE
 .text.Endpoint_Read_Stream_LE
                0x00000cf8       0x9c obj/EndpointStream_AVR8.o
                0x00000cf8                Endpoint_Read_Stream_LE
 .text.Endpoint_Write_Control_Stream_LE
                0x00000d94       0xb4 obj/EndpointStream_AVR8.o
                0x00000d94                Endpoint_Write_Control_Stream_LE
 .text.Endpoint_Write_Control_PStream_LE
                0x00000e48       0xb6 obj/EndpointStream_AVR8.o
                0x00000e48                Endpoint_Write_Control_PStream_LE
 .text.Endpoint_ConfigureEndpoint_Prv
                0x00000efe       0x68 obj/Endpoint_AVR8.o
                0x00000efe                Endpoint_ConfigureEndpoint_Prv
 .text.Endpoint_ClearStatusStage
                0x00000f66       0x3e obj/Endpoint_AVR8.o
                0x00000f66                Endpoint_ClearStatusStage
 .text.Endpoint_WaitUntilReady
                0x00000fa4       0x62 obj/Endpoint_AVR8.o
                0x00000fa4                Endpoint_WaitUntilReady
 .text.USB_ResetInterface
                0x00001006       0x80 obj/USBController_AVR8.o
                0x00001006                USB_ResetInterface
 .text.USB_Init
                0x00001086       0x20 obj/USBController_AVR8.o
                0x00001086                USB_Init
 .text.USB_INT_DisableAllInterrupts
                0x000010a6       0x10 obj/USBInterrupt_AVR8.o
                0x000010a6                USB_INT_DisableAllInterrupts
 .text.USB_INT_ClearAllInterrupts
                0x000010b6        0xa obj/USBInterrupt_AVR8.o
                0x000010b6                USB_INT_ClearAllInterrupts
 .text.__vector_10
                0x000010c0      0x18e obj/USBInterrupt_AVR8.o
                0x000010c0                __vector_10
 .text.USB_Device_ProcessControlRequest
                0x0000124e      0x2b4 obj/DeviceStandardReq.o
                0x0000124e                USB_Device_ProcessControlRequest
 .text.USB_Event_Stub
                0x00001502        0x2 obj/Events.o
                0x00001502                EVENT_USB_Device_WakeUp
                0x00001502                USB_Event_Stub
                0x00001502                EVENT_USB_Device_Suspend
                0x00001502                EVENT_USB_Device_StartOfFrame
                0x00001502                EVENT_USB_Device_Reset
                0x00001502                EVENT_USB_Device_ControlRequest
 .text.USB_USBTask
                0x00001504       0x34 obj/USBTask.o
                0x00001504                USB_USBTask
 .text.avr-libc.fplib
                0x00001538        0xa /usr/local/Cellar/avr-gcc@9/9.4.0_1/lib/avr-gcc/9/gcc/avr/9.4.0/../../../../../../avr/lib/avr5/libm.a(addsf3.o)
                0x00001538                __subsf3
                0x0000153a                __addsf3
 .text.avr-libc.fplib
                0x00001542       0xc0 /usr/local/Cellar/avr-gcc@9/9.4.0_1/lib/avr-gcc/9/gcc/avr/9.4.0/../../../../../../avr/lib/avr5/libm.a(addsf3x.o)
                0x0000155c                __addsf3x
 .text.avr-libc.fplib
                0x00001602       0x58 /usr/local/Cellar/avr-gcc@9/9.4.0_1/lib/avr-gcc/9/gcc/avr/9.4.0/../../../../../../avr/lib/avr5/libm.a(fixunssfsi.o)
                0x00001602                __fixunssfsi
 .text.avr-libc.fplib
                0x0000165a       0x7a /usr/local/Cellar/avr-gcc@9/9.4.0_1/lib/avr-gcc/9/gcc/avr/9.4.0/../../../../../../avr/lib/avr5/libm.a(floatsisf.o)
                0x0000165a                __floatunsisf
                0x0000165e                __floatsisf
 .text.avr-libc.fplib
                0x000016d4        0xc /usr/local/Cellar/avr-gcc@9/9.4.0_1/lib/avr-gcc/9/gcc/avr/9.4.0/../../../../../../avr/lib/avr5/libm.a(fp_inf.o)
                0x000016d4                __fp_inf
 .text.avr-libc.fplib
                0x000016e0        0x6 /usr/local/Cellar/avr-gcc@9/9.4.0_1/lib/avr-gcc/9/gcc/avr/9.4.0/../../../../../../avr/lib/avr5/libm.a(fp_nan.o)
                0x000016e0                __fp_nan
 .text.avr-libc.fplib
                0x000016e6        0xe /usr/local/Cellar/avr-gcc@9/9.4.0_1/lib/avr-gcc/9/gcc/avr/9.4.0/../../../../../../avr/lib/avr5/libm.a(fp_pscA.o)
                0x000016e6                __fp_pscA
 .text.avr-libc.fplib
                0x000016f4        0xe /usr/local/Cellar/avr-gcc@9/9.4.0_1/lib/avr-gcc/9/gcc/avr/9.4.0/../../../../../../avr/lib/avr5/libm.a(fp_pscB.o)
                0x000016f4                __fp_pscB
 .text.avr-libc.fplib
                0x00001702       0x22 /usr/local/Cellar/avr-gcc@9/9.4.0_1/lib/avr-gcc/9/gcc/avr/9.4.0/../../../../../../avr/lib/avr5/libm.a(fp_round.o)
                0x00001702                __fp_round
 .text.avr-libc.fplib
                0x00001724       0x44 /usr/local/Cellar/avr-gcc@9/9.4.0_1/lib/avr-gcc/9/gcc/avr/9.4.0/../../../../../../avr/lib/avr5/libm.a(fp_split3.o)
                0x00001724                __fp_split3
                0x00001734                __fp_splitA
 .text.avr-libc.fplib
                0x00001768        0xe /usr/local/Cellar/avr-gcc@9/9.4.0_1/lib/avr-gcc/9/gcc/avr/9.4.0/../../../../../../avr/lib/avr5/libm.a(fp_zero.o)
                0x00001768                __fp_zero
                0x0000176a                __fp_szero
 .text.avr-libc.fplib
                0x00001776        0x4 /usr/local/Cellar/avr-gcc@9/9.4.0_1/lib/avr-gcc/9/gcc/avr/9.4.0/../../../../../../avr/lib/avr5/libm.a(mulsf3.o)
                0x00001776                __mulsf3
 .text.avr-libc.fplib
                0x0000177a       0xc2 /usr/local/Cellar/avr-gcc@9/9.4.0_1/lib/avr-gcc/9/gcc/avr/9.4.0/../../../../../../avr/lib/avr5/libm.a(mulsf3x.o)
                0x0000178e                __mulsf3x
                0x00001792                __mulsf3_pse
 .text.libgcc.div
                0x0000183c       0x26 /usr/local/Cellar/avr-gcc@9/9.4.0_1/lib/avr-gcc/9/gcc/avr/9.4.0/avr5/libgcc.a(_divmodhi4.o)
                0x0000183c                __divmodhi4
                0x0000183c                _div
 .text.libgcc.div
                0x00001862       0x28 /usr/local/Cellar/avr-gcc@9/9.4.0_1/lib/avr-gcc/9/gcc/avr/9.4.0/avr5/libgcc.a(_udivmodhi4.o)
                0x00001862                __udivmodhi4
 .text.avr-libc
                0x0000188a        0xe /usr/local/Cellar/avr-gcc@9/9.4.0_1/lib/avr-gcc/9/gcc/avr/9.4.0/../../../../../../avr/lib/avr5/libc.a(memset.o)
                0x0000188a                memset
 .text.avr-libc
                0x00001898       0x14 /usr/local/Cellar/avr-gcc@9/9.4.0_1/lib/avr-gcc/9/gcc/avr/9.4.0/../../../../../../avr/lib/avr5/libc.a(itoa.o)
                0x00001898                itoa
                0x00001898                __itoa
 .text.avr-libc
                0x000018ac       0x14 /usr/local/Cellar/avr-gcc@9/9.4.0_1/lib/avr-gcc/9/gcc/avr/9.4.0/../../../../../../avr/lib/avr5/libc.a(itoa_ncheck.o)
                0x000018ac                __itoa_ncheck
 .text.avr-libc
                0x000018c0       0x32 /usr/local/Cellar/avr-gcc@9/9.4.0_1/lib/avr-gcc/9/gcc/avr/9.4.0/../../../../../../avr/lib/avr5/libc.a(utoa_ncheck.o)
                0x000018c0                __utoa_ncheck
                0x000018c2                __utoa_common
 .text.avr-libc
                0x000018f2       0x20 /usr/local/Cellar/avr-gcc@9/9.4.0_1/lib/avr-gcc/9/gcc/avr/9.4.0/../../../../../../avr/lib/avr5/libc.a(strrev.o)
                0x000018f2                strrev
                0x00001912                        . = ALIGN (0x2)
 *(.fini9)
 .fini9         0x00001912        0x0 /usr/local/Cellar/avr-gcc@9/9.4.0_1/lib/avr-gcc/9/gcc/avr/9.4.0/avr5/libgcc.a(_exit.o)
                0x00001912                exit
                0x00001912                _exit
 *(.fini9)
 *(.fini8)
 *(.fini8)
 *(.fini7)
 *(.fini7)
 *(.fini6)
 *(.fini6)
 *(.fini5)
 *(.fini5)
 *(.fini4)
 *(.fini4)
 *(.fini3)
 *(.fini3)
 *(.fini2)
 *(.fini2)
 *(.fini1)
 *(.fini1)
 *(.fini0)
 .fini0         0x00001912        0x4 /usr/local/Cellar/avr-gcc@9/9.4.0_1/lib/avr-gcc/9/gcc/avr/9.4.0/avr5/libgcc.a(_exit.o)
 *(.fini0)
 *(.hightext)
 *(.hightext*)
 *(.progmemx.*)
                0x00001916                        . = ALIGN (0x2)
 *(.jumptables)
 *(.jumptables*)
                0x00001916                        _etext = .

.data           0x00800100       0xfa load address 0x00001916
                0x00800100                        PROVIDE (__data_start = .)
 *(.data)
 .data          0x00800100       0x96 obj/main.o
                0x00800100                notes
                0x00800124                octave
                0x00800126                isPressed
                0x00800128                isReleased
                0x0080012a                pot
                0x00800131                cols
                0x00800154                lines
                0x00800170                leds
                0x0080017e                instruments
 *(.data*)
 *(.gnu.linkonce.d*)
 *(.rodata)
 *(.rodata*)
 .rodata.str1.1
                0x00800196       0x64 obj/main.o
                                 0x36 (size before relaxing)
 .rodata.str1.1
                0x008001fa       0x1c obj/HD44780.o
 .rodata.str1.1
                0x008001fa        0x8 obj/Keyboard.o
 .rodata.str1.1
                0x008001fa       0x11 obj/Midi.o
 *(.gnu.linkonce.r*)
                0x00800216                        . = ALIGN (0x2)
                0x008001fa                        _edata = .
                0x008001fa                        PROVIDE (__data_end = .)

.bss            0x008001fa       0x2b
                0x008001fa                        PROVIDE (__bss_start = .)
 *(.bss)
 .bss           0x008001fa       0x1e obj/main.o
                0x008001fa                mode
                0x008001fb                currentState
                0x008001fc                currentInstrument
                0x008001fd                buttonPressed
                0x00800211                filteredVolume
                0x00800215                lastVolume
                0x00800216                volume
                0x00800217                toProcess
 *(.bss*)
 *(COMMON)
 COMMON         0x00800218        0x3 obj/DeviceStandardReq.o
                0x00800218                USB_Device_ConfigurationNumber
                0x00800219                USB_Device_CurrentlySelfPowered
                0x0080021a                USB_Device_RemoteWakeupEnabled
 COMMON         0x0080021b        0xa obj/USBTask.o
                0x0080021b                USB_IsInitialized
                0x0080021c                USB_DeviceState
                0x0080021d                USB_ControlRequest
                0x00800225                        PROVIDE (__bss_end = .)
                0x00001916                        __data_load_start = LOADADDR (.data)
                0x00001a10                        __data_load_end = (__data_load_start + SIZEOF (.data))

.noinit         0x00800225        0x0
                [!provide]                        PROVIDE (__noinit_start = .)
 *(.noinit .noinit.* .gnu.linkonce.n.*)
                [!provide]                        PROVIDE (__noinit_end = .)
                0x00800225                        _end = .
                [!provide]                        PROVIDE (__heap_start = .)
                0x00000000                        __flmap_init_label = DEFINED (__flmap_noinit_start)?__flmap_noinit_start:0x0
                0x00000000                        __flmap = DEFINED (__flmap)?__flmap:0x0

.eeprom         0x00810000        0x0
 *(.eeprom*)
                0x00810000                        __eeprom_end = .

.fuse
 *(.fuse)
 *(.lfuse)
 *(.hfuse)
 *(.efuse)

.lock
 *(.lock*)

.signature
 *(.signature*)

.stab
 *(.stab)

.stabstr
 *(.stabstr)

.stab.excl
 *(.stab.excl)

.stab.exclstr
 *(.stab.exclstr)

.stab.index
 *(.stab.index)

.stab.indexstr
 *(.stab.indexstr)

.comment        0x00000000       0x26
 *(.comment)
 .comment       0x00000000       0x26 obj/main.o
                                 0x27 (size before relaxing)
 .comment       0x00000026       0x27 obj/HD44780.o
 .comment       0x00000026       0x27 obj/Descriptors.o
 .comment       0x00000026       0x27 obj/Hardware.o
 .comment       0x00000026       0x27 obj/Keyboard.o
 .comment       0x00000026       0x27 obj/Midi.o
 .comment       0x00000026       0x27 obj/EndpointStream_AVR8.o
 .comment       0x00000026       0x27 obj/Endpoint_AVR8.o
 .comment       0x00000026       0x27 obj/USBController_AVR8.o
 .comment       0x00000026       0x27 obj/USBInterrupt_AVR8.o
 .comment       0x00000026       0x27 obj/DeviceStandardReq.o
 .comment       0x00000026       0x27 obj/Events.o
 .comment       0x00000026       0x27 obj/USBTask.o

.note.gnu.avr.deviceinfo
                0x00000000       0x40
 .note.gnu.avr.deviceinfo
                0x00000000       0x40 /usr/local/Cellar/avr-gcc@9/9.4.0_1/lib/avr-gcc/9/gcc/avr/9.4.0/../../../../../../avr/lib/avr5/crtatmega32u4.o

.gnu.build.attributes
 *(.gnu.build.attributes .gnu.build.attributes.*)

.note.gnu.build-id
 *(.note.gnu.build-id)

.debug
 *(.debug)

.line
 *(.line)

.debug_srcinfo
 *(.debug_srcinfo)

.debug_sfnames
 *(.debug_sfnames)

.debug_aranges  0x00000000      0x3f8
 *(.debug_aranges)
 .debug_aranges
                0x00000000       0x20 obj/main.o
 .debug_aranges
                0x00000020       0x68 obj/HD44780.o
 .debug_aranges
                0x00000088       0x20 obj/Descriptors.o
 .debug_aranges
                0x000000a8       0x60 obj/Hardware.o
 .debug_aranges
                0x00000108       0x38 obj/Keyboard.o
 .debug_aranges
                0x00000140       0x40 obj/Midi.o
 .debug_aranges
                0x00000180       0xc8 obj/EndpointStream_AVR8.o
 .debug_aranges
                0x00000248       0x40 obj/Endpoint_AVR8.o
 .debug_aranges
                0x00000288       0x30 obj/USBController_AVR8.o
 .debug_aranges
                0x000002b8       0x30 obj/USBInterrupt_AVR8.o
 .debug_aranges
                0x000002e8       0x20 obj/DeviceStandardReq.o
 .debug_aranges
                0x00000308       0x30 obj/Events.o
 .debug_aranges
                0x00000338       0x20 obj/USBTask.o
 .debug_aranges
                0x00000358       0x20 /usr/local/Cellar/avr-gcc@9/9.4.0_1/lib/avr-gcc/9/gcc/avr/9.4.0/avr5/libgcc.a(_divmodhi4.o)
 .debug_aranges
                0x00000378       0x20 /usr/local/Cellar/avr-gcc@9/9.4.0_1/lib/avr-gcc/9/gcc/avr/9.4.0/avr5/libgcc.a(_exit.o)
 .debug_aranges
                0x00000398       0x20 /usr/local/Cellar/avr-gcc@9/9.4.0_1/lib/avr-gcc/9/gcc/avr/9.4.0/avr5/libgcc.a(_copy_data.o)
 .debug_aranges
                0x000003b8       0x20 /usr/local/Cellar/avr-gcc@9/9.4.0_1/lib/avr-gcc/9/gcc/avr/9.4.0/avr5/libgcc.a(_clear_bss.o)
 .debug_aranges
                0x000003d8       0x20 /usr/local/Cellar/avr-gcc@9/9.4.0_1/lib/avr-gcc/9/gcc/avr/9.4.0/avr5/libgcc.a(_udivmodhi4.o)

.debug_pubnames
 *(.debug_pubnames)

.debug_info     0x00000000     0x8d0a
 *(.debug_info .gnu.linkonce.wi.*)
 .debug_info    0x00000000      0x9f4 /usr/local/Cellar/avr-gcc@9/9.4.0_1/lib/avr-gcc/9/gcc/avr/9.4.0/../../../../../../avr/lib/avr5/crtatmega32u4.o
 .debug_info    0x000009f4      0x6f2 obj/main.o
 .debug_info    0x000010e6     0x11a0 obj/HD44780.o
 .debug_info    0x00002286      0xc08 obj/Descriptors.o
 .debug_info    0x00002e8e      0x99b obj/Hardware.o
 .debug_info    0x00003829      0x5bd obj/Keyboard.o
 .debug_info    0x00003de6      0xa65 obj/Midi.o
 .debug_info    0x0000484b     0x1e02 obj/EndpointStream_AVR8.o
 .debug_info    0x0000664d      0x75d obj/Endpoint_AVR8.o
 .debug_info    0x00006daa      0x606 obj/USBController_AVR8.o
 .debug_info    0x000073b0      0x889 obj/USBInterrupt_AVR8.o
 .debug_info    0x00007c39      0xc39 obj/DeviceStandardReq.o
 .debug_info    0x00008872       0xe9 obj/Events.o
 .debug_info    0x0000895b      0x2f1 obj/USBTask.o
 .debug_info    0x00008c4c       0x26 /usr/local/Cellar/avr-gcc@9/9.4.0_1/lib/avr-gcc/9/gcc/avr/9.4.0/avr5/libgcc.a(_divmodhi4.o)
 .debug_info    0x00008c72       0x26 /usr/local/Cellar/avr-gcc@9/9.4.0_1/lib/avr-gcc/9/gcc/avr/9.4.0/avr5/libgcc.a(_exit.o)
 .debug_info    0x00008c98       0x26 /usr/local/Cellar/avr-gcc@9/9.4.0_1/lib/avr-gcc/9/gcc/avr/9.4.0/avr5/libgcc.a(_copy_data.o)
 .debug_info    0x00008cbe       0x26 /usr/local/Cellar/avr-gcc@9/9.4.0_1/lib/avr-gcc/9/gcc/avr/9.4.0/avr5/libgcc.a(_clear_bss.o)
 .debug_info    0x00008ce4       0x26 /usr/local/Cellar/avr-gcc@9/9.4.0_1/lib/avr-gcc/9/gcc/avr/9.4.0/avr5/libgcc.a(_udivmodhi4.o)

.debug_abbrev   0x00000000     0x294b
 *(.debug_abbrev)
 .debug_abbrev  0x00000000      0x96a /usr/local/Cellar/avr-gcc@9/9.4.0_1/lib/avr-gcc/9/gcc/avr/9.4.0/../../../../../../avr/lib/avr5/crtatmega32u4.o
 .debug_abbrev  0x0000096a      0x1f4 obj/main.o
 .debug_abbrev  0x00000b5e      0x425 obj/HD44780.o
 .debug_abbrev  0x00000f83      0x209 obj/Descriptors.o
 .debug_abbrev  0x0000118c      0x3a9 obj/Hardware.o
 .debug_abbrev  0x00001535      0x1e6 obj/Keyboard.o
 .debug_abbrev  0x0000171b      0x385 obj/Midi.o
 .debug_abbrev  0x00001aa0      0x232 obj/EndpointStream_AVR8.o
 .debug_abbrev  0x00001cd2      0x29d obj/Endpoint_AVR8.o
 .debug_abbrev  0x00001f6f      0x1f5 obj/USBController_AVR8.o
 .debug_abbrev  0x00002164      0x21e obj/USBInterrupt_AVR8.o
 .debug_abbrev  0x00002382      0x332 obj/DeviceStandardReq.o
 .debug_abbrev  0x000026b4       0x89 obj/Events.o
 .debug_abbrev  0x0000273d      0x1aa obj/USBTask.o
 .debug_abbrev  0x000028e7       0x14 /usr/local/Cellar/avr-gcc@9/9.4.0_1/lib/avr-gcc/9/gcc/avr/9.4.0/avr5/libgcc.a(_divmodhi4.o)
 .debug_abbrev  0x000028fb       0x14 /usr/local/Cellar/avr-gcc@9/9.4.0_1/lib/avr-gcc/9/gcc/avr/9.4.0/avr5/libgcc.a(_exit.o)
 .debug_abbrev  0x0000290f       0x14 /usr/local/Cellar/avr-gcc@9/9.4.0_1/lib/avr-gcc/9/gcc/avr/9.4.0/avr5/libgcc.a(_copy_data.o)
 .debug_abbrev  0x00002923       0x14 /usr/local/Cellar/avr-gcc@9/9.4.0_1/lib/avr-gcc/9/gcc/avr/9.4.0/avr5/libgcc.a(_clear_bss.o)
 .debug_abbrev  0x00002937       0x14 /usr/local/Cellar/avr-gcc@9/9.4.0_1/lib/avr-gcc/9/gcc/avr/9.4.0/avr5/libgcc.a(_udivmodhi4.o)

.debug_line     0x00000000     0x9300
 *(.debug_line .debug_line.* .debug_line_end)
 .debug_line    0x00000000       0x1d /usr/local/Cellar/avr-gcc@9/9.4.0_1/lib/avr-gcc/9/gcc/avr/9.4.0/../../../../../../avr/lib/avr5/crtatmega32u4.o
 .debug_line    0x0000001d      0x357 obj/main.o
 .debug_line    0x00000374      0xf7e obj/HD44780.o
 .debug_line    0x000012f2      0x307 obj/Descriptors.o
 .debug_line    0x000015f9      0x94c obj/Hardware.o
 .debug_line    0x00001f45      0x512 obj/Keyboard.o
 .debug_line    0x00002457      0xb68 obj/Midi.o
 .debug_line    0x00002fbf     0x340d obj/EndpointStream_AVR8.o
 .debug_line    0x000063cc      0x9dc obj/Endpoint_AVR8.o
 .debug_line    0x00006da8      0x681 obj/USBController_AVR8.o
 .debug_line    0x00007429      0xadf obj/USBInterrupt_AVR8.o
 .debug_line    0x00007f08      0xdac obj/DeviceStandardReq.o
 .debug_line    0x00008cb4       0xee obj/Events.o
 .debug_line    0x00008da2      0x25c obj/USBTask.o
 .debug_line    0x00008ffe       0xc4 /usr/local/Cellar/avr-gcc@9/9.4.0_1/lib/avr-gcc/9/gcc/avr/9.4.0/avr5/libgcc.a(_divmodhi4.o)
 .debug_line    0x000090c2       0x5e /usr/local/Cellar/avr-gcc@9/9.4.0_1/lib/avr-gcc/9/gcc/avr/9.4.0/avr5/libgcc.a(_exit.o)
 .debug_line    0x00009120       0x94 /usr/local/Cellar/avr-gcc@9/9.4.0_1/lib/avr-gcc/9/gcc/avr/9.4.0/avr5/libgcc.a(_copy_data.o)
 .debug_line    0x000091b4       0x82 /usr/local/Cellar/avr-gcc@9/9.4.0_1/lib/avr-gcc/9/gcc/avr/9.4.0/avr5/libgcc.a(_clear_bss.o)
 .debug_line    0x00009236       0xca /usr/local/Cellar/avr-gcc@9/9.4.0_1/lib/avr-gcc/9/gcc/avr/9.4.0/avr5/libgcc.a(_udivmodhi4.o)

.debug_frame    0x00000000      0x960
 *(.debug_frame)
 .debug_frame   0x00000000       0x24 obj/main.o
 .debug_frame   0x00000024      0x128 obj/HD44780.o
 .debug_frame   0x0000014c       0x24 obj/Descriptors.o
 .debug_frame   0x00000170       0xac obj/Hardware.o
 .debug_frame   0x0000021c       0x90 obj/Keyboard.o
 .debug_frame   0x000002ac       0xa8 obj/Midi.o
 .debug_frame   0x00000354      0x404 obj/EndpointStream_AVR8.o
 .debug_frame   0x00000758       0x78 obj/Endpoint_AVR8.o
 .debug_frame   0x000007d0       0x58 obj/USBController_AVR8.o
 .debug_frame   0x00000828       0x8c obj/USBInterrupt_AVR8.o
 .debug_frame   0x000008b4       0x3c obj/DeviceStandardReq.o
 .debug_frame   0x000008f0       0x44 obj/Events.o
 .debug_frame   0x00000934       0x2c obj/USBTask.o

.debug_str      0x00000000     0x2938
 *(.debug_str)
 .debug_str     0x00000000      0x371 /usr/local/Cellar/avr-gcc@9/9.4.0_1/lib/avr-gcc/9/gcc/avr/9.4.0/../../../../../../avr/lib/avr5/crtatmega32u4.o
 .debug_str     0x00000371     0x25c7 obj/main.o
                                0x4ac (size before relaxing)
 .debug_str     0x00002938      0x5c2 obj/HD44780.o
 .debug_str     0x00002938      0xea4 obj/Descriptors.o
 .debug_str     0x00002938      0x63b obj/Hardware.o
 .debug_str     0x00002938      0x46d obj/Keyboard.o
 .debug_str     0x00002938      0x678 obj/Midi.o
 .debug_str     0x00002938      0x8e8 obj/EndpointStream_AVR8.o
 .debug_str     0x00002938      0x69c obj/Endpoint_AVR8.o
 .debug_str     0x00002938      0x5c0 obj/USBController_AVR8.o
 .debug_str     0x00002938      0x5e6 obj/USBInterrupt_AVR8.o
 .debug_str     0x00002938      0x9cd obj/DeviceStandardReq.o
 .debug_str     0x00002938      0x1e3 obj/Events.o
 .debug_str     0x00002938      0x3ef obj/USBTask.o
 .debug_str     0x00002938       0x82 /usr/local/Cellar/avr-gcc@9/9.4.0_1/lib/avr-gcc/9/gcc/avr/9.4.0/avr5/libgcc.a(_divmodhi4.o)
 .debug_str     0x00002938       0x82 /usr/local/Cellar/avr-gcc@9/9.4.0_1/lib/avr-gcc/9/gcc/avr/9.4.0/avr5/libgcc.a(_exit.o)
 .debug_str     0x00002938       0x82 /usr/local/Cellar/avr-gcc@9/9.4.0_1/lib/avr-gcc/9/gcc/avr/9.4.0/avr5/libgcc.a(_copy_data.o)
 .debug_str     0x00002938       0x82 /usr/local/Cellar/avr-gcc@9/9.4.0_1/lib/avr-gcc/9/gcc/avr/9.4.0/avr5/libgcc.a(_clear_bss.o)
 .debug_str     0x00002938       0x82 /usr/local/Cellar/avr-gcc@9/9.4.0_1/lib/avr-gcc/9/gcc/avr/9.4.0/avr5/libgcc.a(_udivmodhi4.o)

.debug_loc      0x00000000     0x47d0
 *(.debug_loc)
 .debug_loc     0x00000000       0x16 obj/main.o
 .debug_loc     0x00000016      0xab6 obj/HD44780.o
 .debug_loc     0x00000acc      0x24b obj/Descriptors.o
 .debug_loc     0x00000d17      0x23c obj/Hardware.o
 .debug_loc     0x00000f53      0x13f obj/Keyboard.o
 .debug_loc     0x00001092      0x3a3 obj/Midi.o
 .debug_loc     0x00001435     0x271c obj/EndpointStream_AVR8.o
 .debug_loc     0x00003b51      0x4a0 obj/Endpoint_AVR8.o
 .debug_loc     0x00003ff1       0xf9 obj/USBController_AVR8.o
 .debug_loc     0x000040ea      0x2f1 obj/USBInterrupt_AVR8.o
 .debug_loc     0x000043db      0x393 obj/DeviceStandardReq.o
 .debug_loc     0x0000476e       0x62 obj/USBTask.o

.debug_macinfo
 *(.debug_macinfo)

.debug_weaknames
 *(.debug_weaknames)

.debug_funcnames
 *(.debug_funcnames)

.debug_typenames
 *(.debug_typenames)

.debug_varnames
 *(.debug_varnames)

.debug_pubtypes
 *(.debug_pubtypes)

.debug_ranges   0x00000000      0x8f0
 *(.debug_ranges)
 .debug_ranges  0x00000000       0x10 obj/main.o
 .debug_ranges  0x00000010      0x270 obj/HD44780.o
 .debug_ranges  0x00000280       0x10 obj/Descriptors.o
 .debug_ranges  0x00000290       0x98 obj/Hardware.o
 .debug_ranges  0x00000328       0x90 obj/Keyboard.o
 .debug_ranges  0x000003b8       0x90 obj/Midi.o
 .debug_ranges  0x00000448      0x1f8 obj/EndpointStream_AVR8.o
 .debug_ranges  0x00000640       0xd8 obj/Endpoint_AVR8.o
 .debug_ranges  0x00000718       0x50 obj/USBController_AVR8.o
 .debug_ranges  0x00000768       0x38 obj/USBInterrupt_AVR8.o
 .debug_ranges  0x000007a0      0x120 obj/DeviceStandardReq.o
 .debug_ranges  0x000008c0       0x20 obj/Events.o
 .debug_ranges  0x000008e0       0x10 obj/USBTask.o

.debug_addr
 *(.debug_addr)

.debug_line_str
 *(.debug_line_str)

.debug_loclists
 *(.debug_loclists)

.debug_macro
 *(.debug_macro)

.debug_names
 *(.debug_names)

.debug_rnglists
 *(.debug_rnglists)

.debug_str_offsets
 *(.debug_str_offsets)

.debug_sup
 *(.debug_sup)
OUTPUT(main.elf elf32-avr)
LOAD linker stubs

Cross Reference Table

Symbol                                            File
CALLBACK_HIDParser_FilterHIDReportItem            obj/HIDParser.o
CALLBACK_USB_GetDescriptor                        obj/Descriptors.o
                                                  obj/DeviceStandardReq.o
ConfigurationDescriptor                           obj/Descriptors.o
DeviceDescriptor                                  obj/Descriptors.o
EVENT_USB_Device_ConfigurationChanged             obj/Hardware.o
                                                  obj/DeviceStandardReq.o
EVENT_USB_Device_Connect                          obj/Hardware.o
                                                  obj/USBInterrupt_AVR8.o
EVENT_USB_Device_ControlRequest                   obj/Events.o
                                                  obj/DeviceStandardReq.o
EVENT_USB_Device_Disconnect                       obj/Hardware.o
                                                  obj/USBInterrupt_AVR8.o
EVENT_USB_Device_Reset                            obj/Events.o
                                                  obj/USBInterrupt_AVR8.o
EVENT_USB_Device_StartOfFrame                     obj/Events.o
                                                  obj/USBInterrupt_AVR8.o
EVENT_USB_Device_Suspend                          obj/Events.o
                                                  obj/USBInterrupt_AVR8.o
EVENT_USB_Device_WakeUp                           obj/Events.o
                                                  obj/USBInterrupt_AVR8.o
Endpoint_ClearEndpoints                           obj/Endpoint_AVR8.o
Endpoint_ClearStatusStage                         obj/Endpoint_AVR8.o
                                                  obj/DeviceStandardReq.o
Endpoint_ConfigureEndpointTable                   obj/Endpoint_AVR8.o
Endpoint_ConfigureEndpoint_Prv                    obj/Endpoint_AVR8.o
                                                  obj/USBInterrupt_AVR8.o
                                                  obj/USBController_AVR8.o
                                                  obj/Hardware.o
Endpoint_Discard_Stream                           obj/EndpointStream_AVR8.o
Endpoint_Null_Stream                              obj/EndpointStream_AVR8.o
Endpoint_Read_Control_EStream_BE                  obj/EndpointStream_AVR8.o
Endpoint_Read_Control_EStream_LE                  obj/EndpointStream_AVR8.o
Endpoint_Read_Control_Stream_BE                   obj/EndpointStream_AVR8.o
Endpoint_Read_Control_Stream_LE                   obj/EndpointStream_AVR8.o
Endpoint_Read_EStream_BE                          obj/EndpointStream_AVR8.o
Endpoint_Read_EStream_LE                          obj/EndpointStream_AVR8.o
Endpoint_Read_Stream_BE                           obj/EndpointStream_AVR8.o
Endpoint_Read_Stream_LE                           obj/EndpointStream_AVR8.o
                                                  obj/Midi.o
Endpoint_WaitUntilReady                           obj/Endpoint_AVR8.o
                                                  obj/EndpointStream_AVR8.o
Endpoint_Write_Control_EStream_BE                 obj/EndpointStream_AVR8.o
Endpoint_Write_Control_EStream_LE                 obj/EndpointStream_AVR8.o
Endpoint_Write_Control_PStream_BE                 obj/EndpointStream_AVR8.o
Endpoint_Write_Control_PStream_LE                 obj/EndpointStream_AVR8.o
                                                  obj/DeviceStandardReq.o
Endpoint_Write_Control_Stream_BE                  obj/EndpointStream_AVR8.o
Endpoint_Write_Control_Stream_LE                  obj/EndpointStream_AVR8.o
                                                  obj/DeviceStandardReq.o
Endpoint_Write_EStream_BE                         obj/EndpointStream_AVR8.o
Endpoint_Write_EStream_LE                         obj/EndpointStream_AVR8.o
Endpoint_Write_PStream_BE                         obj/EndpointStream_AVR8.o
Endpoint_Write_PStream_LE                         obj/EndpointStream_AVR8.o
Endpoint_Write_Stream_BE                          obj/EndpointStream_AVR8.o
Endpoint_Write_Stream_LE                          obj/EndpointStream_AVR8.o
                                                  obj/Midi.o
HD44780_GoTo                                      obj/HD44780.o
                                                  obj/Midi.o
                                                  obj/Keyboard.o
HD44780_Initialize                                obj/HD44780.o
HD44780_WriteCommand                              obj/HD44780.o
HD44780_WriteData                                 obj/HD44780.o
HD44780_WriteInteger                              obj/HD44780.o
                                                  obj/Midi.o
HD44780_WriteString                               obj/HD44780.o
                                                  obj/Midi.o
                                                  obj/Keyboard.o
HD44780_XY2Adrr                                   obj/HD44780.o
LanguageString                                    obj/Descriptors.o
MIDI_Task                                         obj/Midi.o
                                                  obj/main.o
ManufacturerString                                obj/Descriptors.o
ProductString                                     obj/Descriptors.o
SetupHardware                                     obj/Hardware.o
                                                  obj/main.o
USB_ControlRequest                                obj/USBTask.o
                                                  obj/DeviceStandardReq.o
                                                  obj/Endpoint_AVR8.o
                                                  obj/EndpointStream_AVR8.o
USB_DeviceState                                   obj/USBTask.o
                                                  obj/DeviceStandardReq.o
                                                  obj/USBInterrupt_AVR8.o
                                                  obj/USBController_AVR8.o
                                                  obj/Endpoint_AVR8.o
                                                  obj/EndpointStream_AVR8.o
                                                  obj/Midi.o
USB_Device_ConfigurationNumber                    obj/DeviceStandardReq.o
                                                  obj/USBInterrupt_AVR8.o
                                                  obj/USBController_AVR8.o
USB_Device_CurrentlySelfPowered                   obj/DeviceStandardReq.o
                                                  obj/USBController_AVR8.o
USB_Device_ProcessControlRequest                  obj/DeviceStandardReq.o
                                                  obj/USBTask.o
USB_Device_RemoteWakeupEnabled                    obj/DeviceStandardReq.o
                                                  obj/USBController_AVR8.o
USB_Device_SendRemoteWakeup                       obj/Device_AVR8.o
USB_Disable                                       obj/USBController_AVR8.o
USB_Event_Stub                                    obj/Events.o
USB_Event_Stub_2                                  obj/Events.o
USB_Event_Stub_3                                  obj/Events.o
USB_GetHIDReportItemInfo                          obj/HIDParser.o
USB_GetHIDReportSize                              obj/HIDParser.o
USB_GetNextDescriptorComp                         obj/ConfigDescriptors.o
USB_GetNextDescriptorOfType                       obj/ConfigDescriptors.o
USB_GetNextDescriptorOfTypeAfter                  obj/ConfigDescriptors.o
USB_GetNextDescriptorOfTypeBefore                 obj/ConfigDescriptors.o
USB_INT_ClearAllInterrupts                        obj/USBInterrupt_AVR8.o
                                                  obj/USBController_AVR8.o
USB_INT_DisableAllInterrupts                      obj/USBInterrupt_AVR8.o
                                                  obj/USBController_AVR8.o
USB_Init                                          obj/USBController_AVR8.o
                                                  obj/Hardware.o
USB_IsInitialized                                 obj/USBTask.o
                                                  obj/USBController_AVR8.o
USB_ProcessHIDReport                              obj/HIDParser.o
USB_ResetInterface                                obj/USBController_AVR8.o
USB_SetHIDReportItemInfo                          obj/HIDParser.o
USB_USBTask                                       obj/USBTask.o
                                                  obj/EndpointStream_AVR8.o
                                                  obj/main.o
__FUSE_REGION_LENGTH__                            /usr/local/Cellar/avr-gcc@9/9.4.0_1/lib/avr-gcc/9/gcc/avr/9.4.0/../../../../../../avr/lib/avr5/crtatmega32u4.o
__addsf3                                          /usr/local/Cellar/avr-gcc@9/9.4.0_1/lib/avr-gcc/9/gcc/avr/9.4.0/../../../../../../avr/lib/avr5/libm.a(addsf3.o)
                                                  obj/Midi.o
__addsf3x                                         /usr/local/Cellar/avr-gcc@9/9.4.0_1/lib/avr-gcc/9/gcc/avr/9.4.0/../../../../../../avr/lib/avr5/libm.a(addsf3x.o)
                                                  /usr/local/Cellar/avr-gcc@9/9.4.0_1/lib/avr-gcc/9/gcc/avr/9.4.0/../../../../../../avr/lib/avr5/libm.a(addsf3.o)
__bad_interrupt                                   /usr/local/Cellar/avr-gcc@9/9.4.0_1/lib/avr-gcc/9/gcc/avr/9.4.0/../../../../../../avr/lib/avr5/crtatmega32u4.o
__bss_end                                         /usr/local/Cellar/avr-gcc@9/9.4.0_1/lib/avr-gcc/9/gcc/avr/9.4.0/avr5/libgcc.a(_clear_bss.o)
__bss_start                                       /usr/local/Cellar/avr-gcc@9/9.4.0_1/lib/avr-gcc/9/gcc/avr/9.4.0/avr5/libgcc.a(_clear_bss.o)
__data_end                                        /usr/local/Cellar/avr-gcc@9/9.4.0_1/lib/avr-gcc/9/gcc/avr/9.4.0/avr5/libgcc.a(_copy_data.o)
__data_load_start                                 /usr/local/Cellar/avr-gcc@9/9.4.0_1/lib/avr-gcc/9/gcc/avr/9.4.0/avr5/libgcc.a(_copy_data.o)
__data_start                                      /usr/local/Cellar/avr-gcc@9/9.4.0_1/lib/avr-gcc/9/gcc/avr/9.4.0/avr5/libgcc.a(_copy_data.o)
__divmodhi4                                       /usr/local/Cellar/avr-gcc@9/9.4.0_1/lib/avr-gcc/9/gcc/avr/9.4.0/avr5/libgcc.a(_divmodhi4.o)
                                                  obj/Hardware.o
__do_clear_bss                                    /usr/local/Cellar/avr-gcc@9/9.4.0_1/lib/avr-gcc/9/gcc/avr/9.4.0/avr5/libgcc.a(_clear_bss.o)
                                                  obj/USBTask.o
                                                  obj/DeviceStandardReq.o
                                                  obj/main.o
__do_copy_data                                    /usr/local/Cellar/avr-gcc@9/9.4.0_1/lib/avr-gcc/9/gcc/avr/9.4.0/avr5/libgcc.a(_copy_data.o)
                                                  obj/Midi.o
                                                  obj/Keyboard.o
                                                  obj/HD44780.o
                                                  obj/main.o
__fixunssfsi                                      /usr/local/Cellar/avr-gcc@9/9.4.0_1/lib/avr-gcc/9/gcc/avr/9.4.0/../../../../../../avr/lib/avr5/libm.a(fixunssfsi.o)
                                                  obj/Midi.o
__floatsisf                                       /usr/local/Cellar/avr-gcc@9/9.4.0_1/lib/avr-gcc/9/gcc/avr/9.4.0/../../../../../../avr/lib/avr5/libm.a(floatsisf.o)
                                                  obj/Midi.o
__floatunsisf                                     /usr/local/Cellar/avr-gcc@9/9.4.0_1/lib/avr-gcc/9/gcc/avr/9.4.0/../../../../../../avr/lib/avr5/libm.a(floatsisf.o)
__fp_inf                                          /usr/local/Cellar/avr-gcc@9/9.4.0_1/lib/avr-gcc/9/gcc/avr/9.4.0/../../../../../../avr/lib/avr5/libm.a(fp_inf.o)
                                                  /usr/local/Cellar/avr-gcc@9/9.4.0_1/lib/avr-gcc/9/gcc/avr/9.4.0/../../../../../../avr/lib/avr5/libm.a(mulsf3x.o)
                                                  /usr/local/Cellar/avr-gcc@9/9.4.0_1/lib/avr-gcc/9/gcc/avr/9.4.0/../../../../../../avr/lib/avr5/libm.a(addsf3x.o)
__fp_nan                                          /usr/local/Cellar/avr-gcc@9/9.4.0_1/lib/avr-gcc/9/gcc/avr/9.4.0/../../../../../../avr/lib/avr5/libm.a(fp_nan.o)
                                                  /usr/local/Cellar/avr-gcc@9/9.4.0_1/lib/avr-gcc/9/gcc/avr/9.4.0/../../../../../../avr/lib/avr5/libm.a(mulsf3x.o)
                                                  /usr/local/Cellar/avr-gcc@9/9.4.0_1/lib/avr-gcc/9/gcc/avr/9.4.0/../../../../../../avr/lib/avr5/libm.a(addsf3x.o)
__fp_pscA                                         /usr/local/Cellar/avr-gcc@9/9.4.0_1/lib/avr-gcc/9/gcc/avr/9.4.0/../../../../../../avr/lib/avr5/libm.a(fp_pscA.o)
                                                  /usr/local/Cellar/avr-gcc@9/9.4.0_1/lib/avr-gcc/9/gcc/avr/9.4.0/../../../../../../avr/lib/avr5/libm.a(mulsf3x.o)
                                                  /usr/local/Cellar/avr-gcc@9/9.4.0_1/lib/avr-gcc/9/gcc/avr/9.4.0/../../../../../../avr/lib/avr5/libm.a(addsf3x.o)
__fp_pscB                                         /usr/local/Cellar/avr-gcc@9/9.4.0_1/lib/avr-gcc/9/gcc/avr/9.4.0/../../../../../../avr/lib/avr5/libm.a(fp_pscB.o)
                                                  /usr/local/Cellar/avr-gcc@9/9.4.0_1/lib/avr-gcc/9/gcc/avr/9.4.0/../../../../../../avr/lib/avr5/libm.a(mulsf3x.o)
                                                  /usr/local/Cellar/avr-gcc@9/9.4.0_1/lib/avr-gcc/9/gcc/avr/9.4.0/../../../../../../avr/lib/avr5/libm.a(addsf3x.o)
__fp_round                                        /usr/local/Cellar/avr-gcc@9/9.4.0_1/lib/avr-gcc/9/gcc/avr/9.4.0/../../../../../../avr/lib/avr5/libm.a(fp_round.o)
                                                  /usr/local/Cellar/avr-gcc@9/9.4.0_1/lib/avr-gcc/9/gcc/avr/9.4.0/../../../../../../avr/lib/avr5/libm.a(mulsf3.o)
                                                  /usr/local/Cellar/avr-gcc@9/9.4.0_1/lib/avr-gcc/9/gcc/avr/9.4.0/../../../../../../avr/lib/avr5/libm.a(addsf3.o)
__fp_split3                                       /usr/local/Cellar/avr-gcc@9/9.4.0_1/lib/avr-gcc/9/gcc/avr/9.4.0/../../../../../../avr/lib/avr5/libm.a(fp_split3.o)
                                                  /usr/local/Cellar/avr-gcc@9/9.4.0_1/lib/avr-gcc/9/gcc/avr/9.4.0/../../../../../../avr/lib/avr5/libm.a(mulsf3x.o)
                                                  /usr/local/Cellar/avr-gcc@9/9.4.0_1/lib/avr-gcc/9/gcc/avr/9.4.0/../../../../../../avr/lib/avr5/libm.a(addsf3x.o)
__fp_splitA                                       /usr/local/Cellar/avr-gcc@9/9.4.0_1/lib/avr-gcc/9/gcc/avr/9.4.0/../../../../../../avr/lib/avr5/libm.a(fp_split3.o)
                                                  /usr/local/Cellar/avr-gcc@9/9.4.0_1/lib/avr-gcc/9/gcc/avr/9.4.0/../../../../../../avr/lib/avr5/libm.a(fixunssfsi.o)
__fp_szero                                        /usr/local/Cellar/avr-gcc@9/9.4.0_1/lib/avr-gcc/9/gcc/avr/9.4.0/../../../../../../avr/lib/avr5/libm.a(fp_zero.o)
                                                  /usr/local/Cellar/avr-gcc@9/9.4.0_1/lib/avr-gcc/9/gcc/avr/9.4.0/../../../../../../avr/lib/avr5/libm.a(mulsf3x.o)
__fp_zero                                         /usr/local/Cellar/avr-gcc@9/9.4.0_1/lib/avr-gcc/9/gcc/avr/9.4.0/../../../../../../avr/lib/avr5/libm.a(fp_zero.o)
                                                  /usr/local/Cellar/avr-gcc@9/9.4.0_1/lib/avr-gcc/9/gcc/avr/9.4.0/../../../../../../avr/lib/avr5/libm.a(fixunssfsi.o)
                                                  /usr/local/Cellar/avr-gcc@9/9.4.0_1/lib/avr-gcc/9/gcc/avr/9.4.0/../../../../../../avr/lib/avr5/libm.a(addsf3x.o)
__heap_end                                        /usr/local/Cellar/avr-gcc@9/9.4.0_1/lib/avr-gcc/9/gcc/avr/9.4.0/../../../../../../avr/lib/avr5/crtatmega32u4.o
__init                                            /usr/local/Cellar/avr-gcc@9/9.4.0_1/lib/avr-gcc/9/gcc/avr/9.4.0/../../../../../../avr/lib/avr5/crtatmega32u4.o
__itoa                                            /usr/local/Cellar/avr-gcc@9/9.4.0_1/lib/avr-gcc/9/gcc/avr/9.4.0/../../../../../../avr/lib/avr5/libc.a(itoa.o)
                                                  obj/HD44780.o
__itoa_ncheck                                     /usr/local/Cellar/avr-gcc@9/9.4.0_1/lib/avr-gcc/9/gcc/avr/9.4.0/../../../../../../avr/lib/avr5/libc.a(itoa_ncheck.o)
                                                  /usr/local/Cellar/avr-gcc@9/9.4.0_1/lib/avr-gcc/9/gcc/avr/9.4.0/../../../../../../avr/lib/avr5/libc.a(itoa.o)
__mulsf3                                          /usr/local/Cellar/avr-gcc@9/9.4.0_1/lib/avr-gcc/9/gcc/avr/9.4.0/../../../../../../avr/lib/avr5/libm.a(mulsf3.o)
                                                  obj/Midi.o
__mulsf3_pse                                      /usr/local/Cellar/avr-gcc@9/9.4.0_1/lib/avr-gcc/9/gcc/avr/9.4.0/../../../../../../avr/lib/avr5/libm.a(mulsf3x.o)
__mulsf3x                                         /usr/local/Cellar/avr-gcc@9/9.4.0_1/lib/avr-gcc/9/gcc/avr/9.4.0/../../../../../../avr/lib/avr5/libm.a(mulsf3x.o)
                                                  /usr/local/Cellar/avr-gcc@9/9.4.0_1/lib/avr-gcc/9/gcc/avr/9.4.0/../../../../../../avr/lib/avr5/libm.a(mulsf3.o)
__stack                                           /usr/local/Cellar/avr-gcc@9/9.4.0_1/lib/avr-gcc/9/gcc/avr/9.4.0/../../../../../../avr/lib/avr5/crtatmega32u4.o
__subsf3                                          /usr/local/Cellar/avr-gcc@9/9.4.0_1/lib/avr-gcc/9/gcc/avr/9.4.0/../../../../../../avr/lib/avr5/libm.a(addsf3.o)
__udivmodhi4                                      /usr/local/Cellar/avr-gcc@9/9.4.0_1/lib/avr-gcc/9/gcc/avr/9.4.0/avr5/libgcc.a(_udivmodhi4.o)
                                                  /usr/local/Cellar/avr-gcc@9/9.4.0_1/lib/avr-gcc/9/gcc/avr/9.4.0/avr5/libgcc.a(_divmodhi4.o)
__utoa_common                                     /usr/local/Cellar/avr-gcc@9/9.4.0_1/lib/avr-gcc/9/gcc/avr/9.4.0/../../../../../../avr/lib/avr5/libc.a(utoa_ncheck.o)
                                                  /usr/local/Cellar/avr-gcc@9/9.4.0_1/lib/avr-gcc/9/gcc/avr/9.4.0/../../../../../../avr/lib/avr5/libc.a(itoa_ncheck.o)
__utoa_ncheck                                     /usr/local/Cellar/avr-gcc@9/9.4.0_1/lib/avr-gcc/9/gcc/avr/9.4.0/../../../../../../avr/lib/avr5/libc.a(utoa_ncheck.o)
__vector_1                                        /usr/local/Cellar/avr-gcc@9/9.4.0_1/lib/avr-gcc/9/gcc/avr/9.4.0/../../../../../../avr/lib/avr5/crtatmega32u4.o
__vector_10                                       obj/USBInterrupt_AVR8.o
                                                  /usr/local/Cellar/avr-gcc@9/9.4.0_1/lib/avr-gcc/9/gcc/avr/9.4.0/../../../../../../avr/lib/avr5/crtatmega32u4.o
__vector_11                                       /usr/local/Cellar/avr-gcc@9/9.4.0_1/lib/avr-gcc/9/gcc/avr/9.4.0/../../../../../../avr/lib/avr5/crtatmega32u4.o
__vector_12                                       /usr/local/Cellar/avr-gcc@9/9.4.0_1/lib/avr-gcc/9/gcc/avr/9.4.0/../../../../../../avr/lib/avr5/crtatmega32u4.o
__vector_13                                       /usr/local/Cellar/avr-gcc@9/9.4.0_1/lib/avr-gcc/9/gcc/avr/9.4.0/../../../../../../avr/lib/avr5/crtatmega32u4.o
__vector_14                                       /usr/local/Cellar/avr-gcc@9/9.4.0_1/lib/avr-gcc/9/gcc/avr/9.4.0/../../../../../../avr/lib/avr5/crtatmega32u4.o
__vector_15                                       /usr/local/Cellar/avr-gcc@9/9.4.0_1/lib/avr-gcc/9/gcc/avr/9.4.0/../../../../../../avr/lib/avr5/crtatmega32u4.o
__vector_16                                       /usr/local/Cellar/avr-gcc@9/9.4.0_1/lib/avr-gcc/9/gcc/avr/9.4.0/../../../../../../avr/lib/avr5/crtatmega32u4.o
__vector_17                                       /usr/local/Cellar/avr-gcc@9/9.4.0_1/lib/avr-gcc/9/gcc/avr/9.4.0/../../../../../../avr/lib/avr5/crtatmega32u4.o
__vector_18                                       /usr/local/Cellar/avr-gcc@9/9.4.0_1/lib/avr-gcc/9/gcc/avr/9.4.0/../../../../../../avr/lib/avr5/crtatmega32u4.o
__vector_19                                       /usr/local/Cellar/avr-gcc@9/9.4.0_1/lib/avr-gcc/9/gcc/avr/9.4.0/../../../../../../avr/lib/avr5/crtatmega32u4.o
__vector_2                                        /usr/local/Cellar/avr-gcc@9/9.4.0_1/lib/avr-gcc/9/gcc/avr/9.4.0/../../../../../../avr/lib/avr5/crtatmega32u4.o
__vector_20                                       /usr/local/Cellar/avr-gcc@9/9.4.0_1/lib/avr-gcc/9/gcc/avr/9.4.0/../../../../../../avr/lib/avr5/crtatmega32u4.o
__vector_21                                       /usr/local/Cellar/avr-gcc@9/9.4.0_1/lib/avr-gcc/9/gcc/avr/9.4.0/../../../../../../avr/lib/avr5/crtatmega32u4.o
__vector_22                                       /usr/local/Cellar/avr-gcc@9/9.4.0_1/lib/avr-gcc/9/gcc/avr/9.4.0/../../../../../../avr/lib/avr5/crtatmega32u4.o
__vector_23                                       /usr/local/Cellar/avr-gcc@9/9.4.0_1/lib/avr-gcc/9/gcc/avr/9.4.0/../../../../../../avr/lib/avr5/crtatmega32u4.o
__vector_24                                       /usr/local/Cellar/avr-gcc@9/9.4.0_1/lib/avr-gcc/9/gcc/avr/9.4.0/../../../../../../avr/lib/avr5/crtatmega32u4.o
__vector_25                                       /usr/local/Cellar/avr-gcc@9/9.4.0_1/lib/avr-gcc/9/gcc/avr/9.4.0/../../../../../../avr/lib/avr5/crtatmega32u4.o
__vector_26                                       /usr/local/Cellar/avr-gcc@9/9.4.0_1/lib/avr-gcc/9/gcc/avr/9.4.0/../../../../../../avr/lib/avr5/crtatmega32u4.o
__vector_27                                       /usr/local/Cellar/avr-gcc@9/9.4.0_1/lib/avr-gcc/9/gcc/avr/9.4.0/../../../../../../avr/lib/avr5/crtatmega32u4.o
__vector_28                                       /usr/local/Cellar/avr-gcc@9/9.4.0_1/lib/avr-gcc/9/gcc/avr/9.4.0/../../../../../../avr/lib/avr5/crtatmega32u4.o
__vector_29                                       /usr/local/Cellar/avr-gcc@9/9.4.0_1/lib/avr-gcc/9/gcc/avr/9.4.0/../../../../../../avr/lib/avr5/crtatmega32u4.o
__vector_3                                        /usr/local/Cellar/avr-gcc@9/9.4.0_1/lib/avr-gcc/9/gcc/avr/9.4.0/../../../../../../avr/lib/avr5/crtatmega32u4.o
__vector_30                                       /usr/local/Cellar/avr-gcc@9/9.4.0_1/lib/avr-gcc/9/gcc/avr/9.4.0/../../../../../../avr/lib/avr5/crtatmega32u4.o
__vector_31                                       /usr/local/Cellar/avr-gcc@9/9.4.0_1/lib/avr-gcc/9/gcc/avr/9.4.0/../../../../../../avr/lib/avr5/crtatmega32u4.o
__vector_32                                       /usr/local/Cellar/avr-gcc@9/9.4.0_1/lib/avr-gcc/9/gcc/avr/9.4.0/../../../../../../avr/lib/avr5/crtatmega32u4.o
__vector_33                                       /usr/local/Cellar/avr-gcc@9/9.4.0_1/lib/avr-gcc/9/gcc/avr/9.4.0/../../../../../../avr/lib/avr5/crtatmega32u4.o
__vector_34                                       /usr/local/Cellar/avr-gcc@9/9.4.0_1/lib/avr-gcc/9/gcc/avr/9.4.0/../../../../../../avr/lib/avr5/crtatmega32u4.o
__vector_35                                       /usr/local/Cellar/avr-gcc@9/9.4.0_1/lib/avr-gcc/9/gcc/avr/9.4.0/../../../../../../avr/lib/avr5/crtatmega32u4.o
__vector_36                                       /usr/local/Cellar/avr-gcc@9/9.4.0_1/lib/avr-gcc/9/gcc/avr/9.4.0/../../../../../../avr/lib/avr5/crtatmega32u4.o
__vector_37                                       /usr/local/Cellar/avr-gcc@9/9.4.0_1/lib/avr-gcc/9/gcc/avr/9.4.0/../../../../../../avr/lib/avr5/crtatmega32u4.o
__vector_38                                       /usr/local/Cellar/avr-gcc@9/9.4.0_1/lib/avr-gcc/9/gcc/avr/9.4.0/../../../../../../avr/lib/avr5/crtatmega32u4.o
__vector_39                                       /usr/local/Cellar/avr-gcc@9/9.4.0_1/lib/avr-gcc/9/gcc/avr/9.4.0/../../../../../../avr/lib/avr5/crtatmega32u4.o
__vector_4                                        /usr/local/Cellar/avr-gcc@9/9.4.0_1/lib/avr-gcc/9/gcc/avr/9.4.0/../../../../../../avr/lib/avr5/crtatmega32u4.o
__vector_40                                       /usr/local/Cellar/avr-gcc@9/9.4.0_1/lib/avr-gcc/9/gcc/avr/9.4.0/../../../../../../avr/lib/avr5/crtatmega32u4.o
__vector_41                                       /usr/local/Cellar/avr-gcc@9/9.4.0_1/lib/avr-gcc/9/gcc/avr/9.4.0/../../../../../../avr/lib/avr5/crtatmega32u4.o
__vector_42                                       /usr/local/Cellar/avr-gcc@9/9.4.0_1/lib/avr-gcc/9/gcc/avr/9.4.0/../../../../../../avr/lib/avr5/crtatmega32u4.o
__vector_5                                        /usr/local/Cellar/avr-gcc@9/9.4.0_1/lib/avr-gcc/9/gcc/avr/9.4.0/../../../../../../avr/lib/avr5/crtatmega32u4.o
__vector_6                                        /usr/local/Cellar/avr-gcc@9/9.4.0_1/lib/avr-gcc/9/gcc/avr/9.4.0/../../../../../../avr/lib/avr5/crtatmega32u4.o
__vector_7                                        /usr/local/Cellar/avr-gcc@9/9.4.0_1/lib/avr-gcc/9/gcc/avr/9.4.0/../../../../../../avr/lib/avr5/crtatmega32u4.o
__vector_8                                        /usr/local/Cellar/avr-gcc@9/9.4.0_1/lib/avr-gcc/9/gcc/avr/9.4.0/../../../../../../avr/lib/avr5/crtatmega32u4.o
__vector_9                                        /usr/local/Cellar/avr-gcc@9/9.4.0_1/lib/avr-gcc/9/gcc/avr/9.4.0/../../../../../../avr/lib/avr5/crtatmega32u4.o
__vector_default                                  /usr/local/Cellar/avr-gcc@9/9.4.0_1/lib/avr-gcc/9/gcc/avr/9.4.0/../../../../../../avr/lib/avr5/crtatmega32u4.o
__vectors                                         /usr/local/Cellar/avr-gcc@9/9.4.0_1/lib/avr-gcc/9/gcc/avr/9.4.0/../../../../../../avr/lib/avr5/crtatmega32u4.o
_div                                              /usr/local/Cellar/avr-gcc@9/9.4.0_1/lib/avr-gcc/9/gcc/avr/9.4.0/avr5/libgcc.a(_divmodhi4.o)
_exit                                             /usr/local/Cellar/avr-gcc@9/9.4.0_1/lib/avr-gcc/9/gcc/avr/9.4.0/avr5/libgcc.a(_exit.o)
ad_capture                                        obj/Hardware.o
                                                  obj/Midi.o
ad_init                                           obj/Hardware.o
                                                  obj/main.o
buttonPressed                                     obj/main.o
                                                  obj/Keyboard.o
cols                                              obj/main.o
                                                  obj/Keyboard.o
                                                  obj/Hardware.o
convert_volume                                    obj/Hardware.o
                                                  obj/Midi.o
currentInstrument                                 obj/main.o
                                                  obj/Midi.o
                                                  obj/HD44780.o
currentState                                      obj/main.o
                                                  obj/Midi.o
                                                  obj/Keyboard.o
eeprom_read_byte                                  /usr/local/Cellar/avr-gcc@9/9.4.0_1/lib/avr-gcc/9/gcc/avr/9.4.0/../../../../../../avr/lib/avr5/libatmega32u4.a(eerd_byte.o)
                                                  obj/EndpointStream_AVR8.o
eeprom_update_byte                                /usr/local/Cellar/avr-gcc@9/9.4.0_1/lib/avr-gcc/9/gcc/avr/9.4.0/../../../../../../avr/lib/avr5/libatmega32u4.a(eeupd_byte.o)
                                                  obj/EndpointStream_AVR8.o
eeprom_update_r18                                 /usr/local/Cellar/avr-gcc@9/9.4.0_1/lib/avr-gcc/9/gcc/avr/9.4.0/../../../../../../avr/lib/avr5/libatmega32u4.a(eeupd_byte.o)
exit                                              /usr/local/Cellar/avr-gcc@9/9.4.0_1/lib/avr-gcc/9/gcc/avr/9.4.0/avr5/libgcc.a(_exit.o)
                                                  /usr/local/Cellar/avr-gcc@9/9.4.0_1/lib/avr-gcc/9/gcc/avr/9.4.0/../../../../../../avr/lib/avr5/crtatmega32u4.o
filteredVolume                                    obj/main.o
                                                  obj/Midi.o
getMidiNote                                       obj/Midi.o
initializeClock                                   obj/Hardware.o
                                                  obj/main.o
initializeIO                                      obj/Hardware.o
                                                  obj/main.o
initializeLCD                                     obj/HD44780.o
                                                  obj/main.o
instruments                                       obj/main.o
                                                  obj/Midi.o
                                                  obj/HD44780.o
isPressed                                         obj/main.o
                                                  obj/Midi.o
                                                  obj/Keyboard.o
isReleased                                        obj/main.o
                                                  obj/Midi.o
                                                  obj/Keyboard.o
itoa                                              /usr/local/Cellar/avr-gcc@9/9.4.0_1/lib/avr-gcc/9/gcc/avr/9.4.0/../../../../../../avr/lib/avr5/libc.a(itoa.o)
lastVolume                                        obj/main.o
                                                  obj/Midi.o
leds                                              obj/main.o
                                                  obj/Hardware.o
lines                                             obj/main.o
                                                  obj/Keyboard.o
                                                  obj/Hardware.o
main                                              obj/main.o
                                                  /usr/local/Cellar/avr-gcc@9/9.4.0_1/lib/avr-gcc/9/gcc/avr/9.4.0/../../../../../../avr/lib/avr5/crtatmega32u4.o
memset                                            /usr/local/Cellar/avr-gcc@9/9.4.0_1/lib/avr-gcc/9/gcc/avr/9.4.0/../../../../../../avr/lib/avr5/libc.a(memset.o)
                                                  obj/HD44780.o
mode                                              obj/main.o
                                                  obj/Midi.o
                                                  obj/Keyboard.o
notes                                             obj/main.o
                                                  obj/Midi.o
octave                                            obj/main.o
                                                  obj/Midi.o
                                                  obj/HD44780.o
octaveDown                                        obj/Midi.o
octaveUp                                          obj/Midi.o
playStartupAnimation                              obj/HD44780.o
pot                                               obj/main.o
scanKeyboard                                      obj/Keyboard.o
                                                  obj/main.o
strrev                                            /usr/local/Cellar/avr-gcc@9/9.4.0_1/lib/avr-gcc/9/gcc/avr/9.4.0/../../../../../../avr/lib/avr5/libc.a(strrev.o)
                                                  /usr/local/Cellar/avr-gcc@9/9.4.0_1/lib/avr-gcc/9/gcc/avr/9.4.0/../../../../../../avr/lib/avr5/libc.a(utoa_ncheck.o)
toProcess                                         obj/main.o
                                                  obj/Midi.o
                                                  obj/Keyboard.o
toggleMode                                        obj/Keyboard.o
                                                  obj/main.o
toggleModeAllowed                                 obj/Keyboard.o
toggleModeRequested                               obj/Keyboard.o
update_lcd                                        obj/Midi.o
volume                                            obj/main.o
                                                  obj/Midi.o
